2026-07-06 22:38:44 | INFO     | sistema iniciado
2026-07-06 22:38:44 | INFO     | sistema iniciado
2026-07-06 22:38:44 | INFO     | cliente registrado: Ana Garcia
2026-07-06 22:38:44 | INFO     | cliente registrado: Carlos Lopez
2026-07-06 22:38:44 | INFO     | sala creada: Sala A
2026-07-06 22:38:44 | INFO     | equipo creado: HP Laptop
2026-07-06 22:38:44 | INFO     | asesoria creada: Python
2026-07-06 22:43:05 | INFO     | sistema cerrado
2026-07-06 22:44:06 | INFO     | sistema iniciado
2026-07-06 22:44:06 | INFO     | sistema iniciado
2026-07-06 22:44:06 | INFO     | cliente registrado: Ana Garcia
2026-07-06 22:44:06 | INFO     | cliente registrado: Carlos Lopez
2026-07-06 22:44:06 | INFO     | sala creada: Sala A
2026-07-06 22:44:06 | INFO     | equipo creado: HP Laptop
2026-07-06 22:44:06 | INFO     | asesoria creada: Python
2026-07-06 22:44:09 | INFO     | sistema cerrado
2026-07-06 22:45:58 | INFO     | sistema iniciado
2026-07-06 22:45:58 | INFO     | sistema iniciado
2026-07-06 22:45:58 | INFO     | cliente registrado: Ana García
2026-07-06 22:45:58 | INFO     | cliente registrado: Carlos López
2026-07-06 22:45:58 | INFO     | sala creada: Sala A
2026-07-06 22:45:58 | INFO     | equipo creado: HP Laptop
2026-07-06 22:45:58 | INFO     | asesoria creada: Python
2026-07-06 22:47:17 | INFO     | cliente registrado: john eduard chavarro alvis
2026-07-06 23:00:17 | INFO     | sistema iniciado
2026-07-06 23:00:17 | INFO     | sistema iniciado
2026-07-06 23:00:17 | INFO     | cliente registrado: Ana García
2026-07-06 23:00:17 | INFO     | cliente registrado: Carlos López
2026-07-06 23:00:17 | INFO     | sala creada: Sala A
2026-07-06 23:00:17 | INFO     | equipo creado: HP Laptop
2026-07-06 23:00:17 | INFO     | asesoria creada: Python
2026-07-06 23:02:26 | INFO     | sistema iniciado
2026-07-06 23:02:26 | INFO     | sistema iniciado
2026-07-06 23:02:26 | INFO     | cliente registrado: Ana García
2026-07-06 23:02:26 | INFO     | cliente registrado: Carlos López
2026-07-06 23:02:26 | INFO     | sala creada: Sala A
2026-07-06 23:02:26 | INFO     | equipo creado: HP Laptop
2026-07-06 23:02:26 | INFO     | asesoria creada: Python
2026-07-06 23:10:07 | INFO     | sistema iniciado
2026-07-06 23:10:07 | INFO     | sistema iniciado
2026-07-06 23:10:07 | INFO     | cliente registrado: Ana García
2026-07-06 23:10:07 | INFO     | cliente registrado: Carlos López
2026-07-06 23:10:07 | INFO     | sala creada: Sala A
2026-07-06 23:10:07 | INFO     | equipo creado: HP Laptop
2026-07-06 23:10:07 | INFO     | asesoria creada: Python
2026-07-06 23:11:53 | INFO     | sistema iniciado
2026-07-06 23:11:53 | INFO     | sistema iniciado
2026-07-06 23:11:53 | INFO     | cliente registrado: Ana García
2026-07-06 23:11:53 | INFO     | cliente registrado: Carlos López
2026-07-06 23:11:53 | INFO     | sala creada: Sala A
2026-07-06 23:11:53 | INFO     | equipo creado: HP Laptop
2026-07-06 23:11:53 | INFO     | asesoria creada: Python
